// Jest Snapshot v1, https://goo.gl/fbAQLP

exports[`<Posts /> should match snapshot 1`] = `
<div
  class="posts"
>
  <div
    class="post"
  >
    <img
      alt="t1"
      src="img/c1.png"
    />
    <div
      class="post-content"
    >
      <h1>
        t1
      </h1>
      <p>
        b1
      </p>
    </div>
  </div>
  <div
    class="post"
  >
    <img
      alt="t2"
      src="img/c2.png"
    />
    <div
      class="post-content"
    >
      <h1>
        t2
      </h1>
      <p>
        b2
      </p>
    </div>
  </div>
  <div
    class="post"
  >
    <img
      alt="t3"
      src="img/c3.png"
    />
    <div
      class="post-content"
    >
      <h1>
        t3
      </h1>
      <p>
        b3
      </p>
    </div>
  </div>
</div>
`;
