// Jest Snapshot v1, https://goo.gl/fbAQLP

exports[`<PostCard /> shoud match snapshot 1`] = `
<div
  class="post"
>
  <img
    alt="title"
    src="img/img.png"
  />
  <div
    class="post-content"
  >
    <h1>
      title
    </h1>
    <p>
      body 1
    </p>
  </div>
</div>
`;
